{
  "kind": "list",
  "generators": [
    {
      "var": "x",
      "source": {
        "start": 0,
        "stop": 100,
        "step": 1
      },
      "filters": []
    }
  ],
  "element": "x > 50",
  "key_expr": null,
  "val_expr": null,
  "reduce": {
    "kind": "any",
    "op": null,
    "initial": null
  },
  "provenance": {
    "origin": "python",
    "pattern": "list"
  },
  "__type__": "IRComp"
}