{
  "kind": "list",
  "generators": [
    {
      "var": "i",
      "source": {
        "start": 0,
        "stop": 20,
        "step": 1
      },
      "filters": [
        "i % 2 == 0"
      ]
    }
  ],
  "element": "i * i",
  "key_expr": null,
  "val_expr": null,
  "reduce": null,
  "provenance": {
    "origin": "python",
    "pattern": "list"
  },
  "__type__": "IRComp"
}