import (
    "runtime"
    "sync"
)

func go_parallel_max() int {
    // Multiple generators - using sequential implementation
    // TODO: Implement parallel multi-generator support
    return nil
}