// Rendered from IR (origin: python)
func go_simple_list() []int {
    out := make([]int, 0)
    for i := 0; i < 10; i++ {
        if !(i % 2 == 0) { continue }
        out = append(out, i * 2)
    }
    return out
}