{
  "kind": "list",
  "generators": [
    {
      "var": "i",
      "source": {
        "start": 1,
        "stop": 4,
        "step": 1
      },
      "filters": []
    },
    {
      "var": "j",
      "source": {
        "start": 1,
        "stop": 4,
        "step": 1
      },
      "filters": []
    }
  ],
  "element": "i * j",
  "key_expr": null,
  "val_expr": null,
  "reduce": null,
  "provenance": {
    "origin": "python",
    "pattern": "list_nested"
  },
  "__type__": "IRComp"
}
