use std::collections::{HashMap, HashSet};

pub fn list_nested_products() -> Vec<i32> {
    // Complex nested comprehension - simplified for demo
    vec![]
}