export function max_nested_products(): number {
    // Complex nested comprehension - simplified for demo
    return [];
}
