use std::collections::{HashMap, HashSet};
use rayon::prelude::*;

pub fn par_dict_squares() -> HashMap<i32, i32> {
    (1..100).into_par_iter().filter(|&i| i % 2 == 1).map(|i| (i, i * i)).collect()
}