use std::collections::{HashMap, HashSet};
use rayon::prelude::*;

pub fn par_step_range() -> Vec<i32> {
    (0..100).step_by(2).into_par_iter().map(|x| x).collect()
}
