export function par_sum_evens(): number {
    return Array.from({length: 999}, (_, i) => 1 + i).filter(x => x % 2 == 0).reduce((acc, x) => acc + (x), 0);
}