export function prod_filtered_range(): number {
    return Array.from({length: 5}, (_, i) => 1 + i).filter(x => x != 3);
}
