{
  "kind": "set",
  "generators": [
    {
      "var": "i",
      "source": {
        "start": 0,
        "stop": 3,
        "step": 1
      },
      "filters": []
    },
    {
      "var": "j",
      "source": {
        "start": 0,
        "stop": 3,
        "step": 1
      },
      "filters": [
        "i != j"
      ]
    }
  ],
  "element": "(i, j)",
  "key_expr": null,
  "val_expr": null,
  "reduce": null,
  "provenance": {
    "origin": "python",
    "pattern": "set_nested"
  },
  "__type__": "IRComp"
}
