use std::collections::{HashMap, HashSet};

pub fn set_nested_pairs() -> HashSet<i32> {
    // Complex nested comprehension - simplified for demo
    vec![]
}