export function set_nested_pairs(): Set<number> {
    // Complex nested comprehension - simplified for demo
    return [];
}