SELECT i * 2
FROM generate_series(0, 9) AS i
WHERE i % 2 == 0
