-- SQL generation not implemented for this pattern