use std::collections::{HashMap, HashSet};

pub fn sum_even_numbers() -> i32 {
    (1..11).filter(|&x| x % 2 == 0).map(|x| x).sum()
}