export function typed_sum_reduction(): number {
    return Array.from({length: 10}, (_, i) => 0 + i).filter(x => x % 2 == 0).reduce((acc, x) => acc + (x), 0);
}