export function typed_set_evens(): Set<number> {
    return Array.from({length: 10}, (_, i) => 0 + i).filter(x => x % 2 == 0).map(x => x).reduce((set, val) => set.add(val), new Set<number>());
}