use std::collections::{HashMap, HashSet};

pub fn typed_dict_odds() -> HashMap<i32, i32> {
    (1..6).filter(|&i| i % 2 == 1).map(|i| (i, i * i)).collect()
}
