# Generated by PCS: Julia backend
module PCS_Generated

include("pcs_runtime.jl")
using .PCS_Runtime

function main()::Int
    # NOTE: auto-selected broadcast mode for small N=9
    result1 = sum(i * i)
    return result1
end

end # module

