# Generated by PCS: Julia backend
module PCS_Generated

function main()::Int
    result1 = sum(ifelse.(i % 2 == 0, i * i, 0))
    return result1
end

end # module

