# Generated by PCS: Julia backend
module PCS_Generated

function main()::Dict{Int, Int}
    dict1 = Dict{Int, Int}()
    for x in 1:9
        if (x % 2 == 0)
            dict1[x] = x * x
        end
    end
    return dict1
end

end # module

