# Generated by PCS: Julia backend
module PCS_Generated_e1e1

    const PCS_Generated = PCS_Generated_e1e1

    include("pcs_runtime.jl")
    using .PCS_Runtime

    function main()::Dict{Int, Int}
        # NOTE: parallelized with shard-merge pattern (thread-local writes)
        # NOTE: gensym reset at emit start for deterministic output
        # NOTE: actual thread count available via Threads.nthreads()
        # NOTE: loops selected to avoid allocations (filter present)
        result1 = dict_comp_parallel(1:9, i -> i, i -> i * i; KT=Int, VT=Int, combine=(o,n)->n)
        return result1
    end

end # module
