# Generated by PCS: Julia backend
module PCS_Generated

using Base.Threads

function main()::Int
    parts1 = fill(0, nthreads())
    @threads for i in 1:99
        if i % 2 == 0
            parts1[threadid()] += i * i
        end
    end
    acc2 = 0
    @inbounds for p in parts1
        acc2 += p
    end
    return acc2
end

end # module
