# Generated by PCS: Julia backend
module PCS_Generated

using Base.Threads

function main()::Dict{Int, Int}
    shards2 = [Dict{Int, Int}() for _ in 1:nthreads()]
    @threads for x in 1:9
        if x % 2 == 0
            shards2[threadid()][x] = x * x
        end
    end
    result1 = Dict{Int, Int}()
    @inbounds for s in shards2
        for (k, v) in s
            result1[k] = v
        end
    end
    return result1
end

end # module
