# Generated by PCS: Julia backend
module PCS_Generated

using Base.Threads

function main()::Bool
    # Note: Sequential fallback - operation is not associative
    acc1 = false
    for i in 0:99
        if i > 50
            acc1 = true
        end
    end
    return acc1
end

end # module
