# Generated by PCS: Julia backend
module PCS_Generated

function main()::Dict{Int, Int}
    buckets1 = Dict{Int, Int}()
    for t in ts
        bin = (t รท (15*60_000)) * (15*60_000)
        buckets1[bin] = get(buckets1, bin, 0) + 1
    end
    return buckets1
end

end # module
