# Generated by PCS: Julia backend
module PCS_Generated

function main()::Dict{Int, Vector{Tuple{Int, Float64}}}
    groups1 = Dict{Int, Vector{Tuple{Int, Float64}}}()
    for x in xs
        k = x[1]
        push!(get!(groups1, k, Tuple{Int, Float64}[]), x)
    end
    result1 = Dict{Int, Vector{Tuple{Int, Float64}}}()
    for (k, v) in groups1
        sort!(v, by = x -> x[2], rev=true)
        result1[k] = v[1:min(N, length(v))]
    end
    return result1
end

end # module

